Error: inputs 7bdb * 0000 + 7bff
  result = 7c00 (7bff expected) flags = 0101 (0101 expected)
Error: inputs e903 * 0000 + fbff
  result = fc00 (fbff expected) flags = 0101 (0101 expected)
Error: inputs 6baf * 0000 + 7bff
  result = 7c00 (7bff expected) flags = 0101 (0101 expected)
Error: inputs fbff * 0000 + fbfe
  result = fc00 (fbff expected) flags = 0101 (0101 expected)
Error: inputs fbfe * 0000 + d457
  result = fc00 (fbff expected) flags = 0101 (0101 expected)
Error: inputs 7bff * 0000 + 7bff
  result = 7c00 (7bff expected) flags = 0101 (0101 expected)
Error: inputs 7bff * 0000 + 5cfb
  result = 7c00 (7bff expected) flags = 0101 (0101 expected)
Error: inputs 7bdc * e800 + 3cff
  result = a7dc (fbff expected) flags = 0000 (0101 expected)
Error: inputs 7bdb * 7bff + 3cff
  result = 3bda (7bff expected) flags = 0001 (0101 expected)
Error: inputs cc88 * 6bff + 3cff
  result = fc00 (fbff expected) flags = 0101 (0101 expected)
Error: inputs f012 * 6800 + 3cff
  result = 9c12 (fbff expected) flags = 0000 (0101 expected)
Error: inputs 403a * f800 + 3cff
  result = fc00 (fbff expected) flags = 0101 (0101 expected)
Error: inputs 4000 * 7801 + 3cff
  result = 7c00 (7bff expected) flags = 0101 (0101 expected)
Error: inputs f5fc * 4400 + 3cff
  result = fc00 (fbff expected) flags = 0101 (0101 expected)
Error: inputs 69e0 * ebff + 3cff
  result = 99df (fbff expected) flags = 0001 (0101 expected)
Error: inputs 47fe * 78f8 + 3cff
  result = 04f6 (7bff expected) flags = 0001 (0101 expected)
Error: inputs 47fe * 7a01 + 3cff
  result = 05ff (7bff expected) flags = 0001 (0101 expected)
Error: inputs 6800 * 6801 + 3cff
  result = 1401 (7bff expected) flags = 0000 (0101 expected)
Error: inputs 6800 * fbfe + 3cff
  result = a7fe (fbff expected) flags = 0000 (0101 expected)
Error: inputs 7800 * 47fe + 3cff
  result = 0000 (7bff expected) flags = 0000 (0101 expected)
Error: inputs 7800 * 43ef + 3cff
  result = 7c00 (7bff expected) flags = 0101 (0101 expected)
Error: inputs 7800 * f801 + 3cff
  result = b401 (fbff expected) flags = 0000 (0101 expected)
Error: inputs 7801 * c002 + 3cff
  result = fc00 (fbff expected) flags = 0101 (0101 expected)
Error: inputs 7801 * 4877 + 3cff
  result = 0478 (7bff expected) flags = 0001 (0101 expected)
Error: inputs 7bff * cfe8 + 3cff
  result = 8fe7 (fbff expected) flags = 0001 (0101 expected)
Error: inputs 7bfe * ca20 + 3cff
  result = 8a1e (fbff expected) flags = 0001 (0101 expected)
Error: inputs 68a0 * 6bff + 3cff
  result = 189f (7bff expected) flags = 0001 (0101 expected)
Error: inputs 7bfe * bffe + 3cff
  result = fc00 (fbff expected) flags = 0101 (0101 expected)
Error: inputs e903 * fbff + 3cff
  result = 2902 (7bff expected) flags = 0001 (0101 expected)
Error: inputs 75ff * 47ff + 3cff
  result = 0000 (7bff expected) flags = 0011 (0101 expected)
Error: inputs cd7b * ebff + 3cff
  result = 7c00 (7bff expected) flags = 0101 (0101 expected)
Error: inputs 6baf * 7bff + 3cff
  result = 2bae (7bff expected) flags = 0001 (0101 expected)
Error: inputs c900 * fbff + 3cff
  result = 08ff (7bff expected) flags = 0001 (0101 expected)
Error: inputs c3ff * 7bfe + 3cff
  result = 8000 (fbff expected) flags = 0011 (0101 expected)
Error: inputs c7ff * 7801 + 3cff
  result = 8400 (fbff expected) flags = 0001 (0101 expected)
Error: inputs ea08 * ebff + 3cff
  result = 1a07 (7bff expected) flags = 0001 (0101 expected)
Error: inputs ebff * f7fe + 3cff
  result = 27fd (7bff expected) flags = 0001 (0101 expected)
Error: inputs ebff * 6bfe + 3cff
  result = 9bfd (fbff expected) flags = 0001 (0101 expected)
Error: inputs ebff * f447 + 3cff
  result = 2446 (7bff expected) flags = 0001 (0101 expected)
Error: inputs 749f * 43ff + 3cff
  result = 7c00 (7bff expected) flags = 0101 (0101 expected)
Error: inputs cfbf * 7bff + 3cff
  result = 8fbe (fbff expected) flags = 0001 (0101 expected)
Error: inputs f801 * 7437 + 3cff
  result = b038 (fbff expected) flags = 0001 (0101 expected)
Error: inputs f801 * c3fe + 3cff
  result = 7c00 (7bff expected) flags = 0101 (0101 expected)
Error: inputs fbff * cfef + 3cff
  result = 0fee (7bff expected) flags = 0001 (0101 expected)
Error: inputs fbff * 6801 + 3cff
  result = a800 (fbff expected) flags = 0001 (0101 expected)
Error: inputs fbff * fbfe + 3cff
  result = 3bfd (7bff expected) flags = 0001 (0101 expected)
Error: inputs fbfe * d457 + 3cff
  result = 1455 (7bff expected) flags = 0001 (0101 expected)
Error: inputs d890 * 6801 + 3cff
  result = 8492 (fc00 expected) flags = 0001 (0101 expected)
Error: inputs eaff * ebfe + 3cff
  result = 1afd (7bff expected) flags = 0001 (0101 expected)
Error: inputs 440e * 7bfe + 3cff
  result = 040c (7bff expected) flags = 0001 (0101 expected)
Error: inputs 410f * 7801 + 3cff
  result = 7c00 (7bff expected) flags = 0101 (0101 expected)
Error: inputs 4001 * fbff + 3cff
  result = 8000 (fc00 expected) flags = 0011 (0101 expected)
Error: inputs 4401 * f800 + 3cff
  result = 8000 (fc00 expected) flags = 0000 (0101 expected)
Error: inputs 47ff * f8c0 + 3cff
  result = 84c0 (fc00 expected) flags = 0001 (0101 expected)
Error: inputs 669f * fbfe + 3cff
  result = a69e (fc00 expected) flags = 0001 (0101 expected)
Error: inputs 6801 * ebff + 3cff
  result = 9801 (fc00 expected) flags = 0001 (0101 expected)
Error: inputs 6bfe * 4c21 + 3cff
  result = 7c00 (7bff expected) flags = 0101 (0101 expected)
Error: inputs 7800 * c8ff + 3cff
  result = 84ff (fc00 expected) flags = 0000 (0101 expected)
Error: inputs 7801 * 43ff + 3cff
  result = 0000 (7bff expected) flags = 0001 (0101 expected)
Error: inputs 7801 * 4821 + 3cff
  result = 0422 (7bff expected) flags = 0001 (0101 expected)
Error: inputs 7801 * e800 + 3cff
  result = a401 (fc00 expected) flags = 0000 (0101 expected)
Error: inputs 7bff * cc28 + 3cff
  result = 8c28 (fc00 expected) flags = 0001 (0101 expected)
Error: inputs 7bff * 7bff + 3cff
  result = 3bfe (7bff expected) flags = 0001 (0101 expected)
Error: inputs 7bff * 5cfb + 3cff
  result = 1cfa (7bff expected) flags = 0001 (0101 expected)
Error: inputs f401 * ebfe + 3cff
  result = 23ff (7bff expected) flags = 0001 (0101 expected)
Error: inputs c80c * 7bfe + 3cff
  result = 880b (fc00 expected) flags = 0001 (0101 expected)
Error: inputs 743b * e801 + 3cff
  result = a03d (fc00 expected) flags = 0001 (0101 expected)
Error: inputs 41fb * 7bfe + 3cff
  result = 0000 (7bff expected) flags = 0011 (0101 expected)
Error: inputs c7fe * fbff + 3cff
  result = 07fd (7bff expected) flags = 0001 (0101 expected)
Error: inputs e801 * 7b76 + 3cff
  result = a778 (fc00 expected) flags = 0001 (0101 expected)
Error: inputs ebfe * 7b81 + 3cff
  result = ab80 (fc00 expected) flags = 0001 (0101 expected)
Error: inputs ebfe * f800 + 3cff
  result = 27fe (7bff expected) flags = 0000 (0101 expected)
Error: inputs f800 * 68df + 3cff
  result = a4df (fc00 expected) flags = 0000 (0101 expected)
Error: inputs f800 * 4445 + 3cff
  result = 8000 (fc00 expected) flags = 0000 (0101 expected)
Error: inputs f801 * 7bc8 + 3cff
  result = b7ca (fc00 expected) flags = 0001 (0101 expected)
Error: inputs fbff * 7bc6 + 3cff
  result = bbc6 (fc00 expected) flags = 0001 (0101 expected)
Error: inputs fbff * bfff + 3cff
  result = 7c00 (7bff expected) flags = 0101 (0101 expected)
Error: inputs fbfe * 4400 + 3cff
  result = 8000 (fc00 expected) flags = 0000 (0101 expected)
Error: inputs fbfe * ebff + 3cff
  result = 2bfd (7bff expected) flags = 0001 (0101 expected)
Error: inputs c040 * f801 + 3cff
  result = 7c00 (7bff expected) flags = 0101 (0101 expected)
Error: inputs f843 * 4f90 + 3cff
  result = 8c07 (fbff expected) flags = 0001 (0101 expected)
Error: inputs f7de * ebf7 + 3cff
  result = 27d6 (7c00 expected) flags = 0001 (0101 expected)
Error: inputs cff9 * 7bee + 3cff
  result = 8fe7 (fbff expected) flags = 0001 (0101 expected)
Error: inputs 75be * 6442 + 3cff
  result = 1e1d (7c00 expected) flags = 0001 (0101 expected)
Error: inputs 67fb * fbde + 3cff
  result = a7d9 (fbff expected) flags = 0001 (0101 expected)
Error: inputs 6ffc * c80b + 3cff
  result = fc00 (fbff expected) flags = 0101 (0101 expected)
Error: inputs fb77 * 7171 + 3cff
  result = b113 (fbff expected) flags = 0001 (0101 expected)
Error: inputs f00c * e87a + 3cff
  result = 1c88 (7c00 expected) flags = 0001 (0101 expected)
Error: inputs 6b69 * cfae + 3cff
  result = fc00 (fbff expected) flags = 0101 (0101 expected)
Error: inputs 5cfc * ebbf + 3cff
  result = 8cd3 (fbff expected) flags = 0001 (0101 expected)
Error: inputs 57fd * e801 + 3cff
  result = 8000 (fbff expected) flags = 0011 (0101 expected)
Error: inputs 793d * bfe0 + 3cff
  result = fc00 (fbff expected) flags = 0101 (0101 expected)
Error: inputs 7802 * 4c24 + 3cff
  result = 0827 (7c00 expected) flags = 0001 (0101 expected)
Error: inputs 4bff * 7ad2 + 3cff
  result = 0ad2 (7c00 expected) flags = 0001 (0101 expected)
Error: inputs 477f * f821 + 3cff
  result = 8000 (fbff expected) flags = 0011 (0101 expected)
Error: inputs cbf9 * fa3f + 3cff
  result = 0a3a (7c00 expected) flags = 0001 (0101 expected)
Error: inputs 7417 * 7823 + 3cff
  result = 303b (7c00 expected) flags = 0001 (0101 expected)
Error: inputs ea2f * e40c + 3cff
  result = 1242 (7c00 expected) flags = 0001 (0101 expected)
Error: inputs 7bf3 * 4804 + 3cff
  result = 07fb (7c00 expected) flags = 0001 (0101 expected)
Error: inputs f3fb * cfff + 3cff
  result = 07fb (7c00 expected) flags = 0001 (0101 expected)
Error: inputs 4df7 * f824 + 3cff
  result = 8a2c (fbff expected) flags = 0001 (0101 expected)
Error: inputs 4ff7 * fb87 + 3cff
  result = 8f7e (fbff expected) flags = 0001 (0101 expected)
Error: inputs 450f * f5d9 + 3cff
  result = fc00 (fbff expected) flags = 0101 (0101 expected)
Error: inputs f400 * d80b + 3cff
  result = 100b (7c00 expected) flags = 0000 (0101 expected)
Error: inputs cfbf * f6fa + 3cff
  result = 0ac2 (7c00 expected) flags = 0001 (0101 expected)
Error: inputs 48fe * 75df + 3cff
  result = 0000 (7c00 expected) flags = 0011 (0101 expected)
Error: inputs c73b * fbf3 + 3cff
  result = 0730 (7c00 expected) flags = 0001 (0101 expected)
Error: inputs c7bc * fa79 + 3cff
  result = 0642 (7c00 expected) flags = 0001 (0101 expected)
Error: inputs fb3e * 43f9 + 3cff
  result = 8000 (fbff expected) flags = 0011 (0101 expected)
Error: inputs 7654 * cbf2 + 3cff
  result = 8648 (fbff expected) flags = 0001 (0101 expected)
Error: inputs 77e2 * 4980 + 3cff
  result = 056c (7c00 expected) flags = 0001 (0101 expected)
Error: inputs 7bf0 * cfbf + 3cff
  result = 8faf (fbff expected) flags = 0001 (0101 expected)
Error: inputs 643a * 771e + 3cff
  result = 1f85 (7c00 expected) flags = 0001 (0101 expected)
Error: inputs 4f3e * 7440 + 3cff
  result = 07b2 (7c00 expected) flags = 0001 (0101 expected)
Error: inputs e9e6 * 74d6 + 3cff
  result = a322 (fc00 expected) flags = 0001 (0101 expected)
Error: inputs 77b7 * 4ac0 + 3cff
  result = 0682 (7c00 expected) flags = 0001 (0101 expected)
Error: inputs 77e0 * 487e + 3cff
  result = 046c (7c00 expected) flags = 0001 (0101 expected)
Error: inputs 6370 * eaa3 + 3cff
  result = 922c (fc00 expected) flags = 0001 (0101 expected)
Error: inputs 781d * 700a + 3cff
  result = 2c27 (7c00 expected) flags = 0001 (0101 expected)
Error: inputs f844 * 570e + 3cff
  result = 9386 (fc00 expected) flags = 0001 (0101 expected)
Error: inputs eb3f * 743b + 3cff
  result = a3aa (fc00 expected) flags = 0001 (0101 expected)
Error: inputs cc0f * f80e + 3cff
  result = 081d (7c00 expected) flags = 0001 (0101 expected)
Error: inputs 6b3f * 580f + 3cff
  result = 075a (7c00 expected) flags = 0001 (0101 expected)
Error: inputs 44e9 * fbcb + 3cff
  result = 84c8 (fc00 expected) flags = 0001 (0101 expected)
Error: inputs c7ee * f47c + 3cff
  result = 0000 (7c00 expected) flags = 0011 (0101 expected)
Error: inputs dc1b * f460 + 3cff
  result = 147e (7c00 expected) flags = 0001 (0101 expected)
Error: inputs 47de * f994 + 3cff
  result = 857c (fc00 expected) flags = 0001 (0101 expected)
Error: inputs eafe * d422 + 3cff
  result = 0000 (7c00 expected) flags = 0011 (0101 expected)
Error: inputs c398 * 79f0 + 3cff
  result = 8000 (fc00 expected) flags = 0011 (0101 expected)
Error: inputs 753e * 6b0e + 3cff
  result = 249f (7c00 expected) flags = 0001 (0101 expected)
Error: inputs c7e7 * 7811 + 3cff
  result = 8404 (fc00 expected) flags = 0001 (0101 expected)
Error: inputs f47e * 795e + 3cff
  result = b207 (fc00 expected) flags = 0001 (0101 expected)
Error: inputs f7ee * cf90 + 3cff
  result = 0b7f (7c00 expected) flags = 0001 (0101 expected)
Error: inputs fbc8 * c7e3 + 3cff
  result = 07ac (7c00 expected) flags = 0001 (0101 expected)
Error: inputs 6818 * f5de + 3cff
  result = a201 (fc00 expected) flags = 0001 (0101 expected)
Error: inputs cbf9 * 7807 + 3cff
  result = 8803 (fc00 expected) flags = 0001 (0101 expected)
Error: inputs 74bf * cac0 + 3cff
  result = 8401 (fc00 expected) flags = 0001 (0101 expected)
Error: inputs c7ff * 76f7 + 3cff
  result = 8000 (fc00 expected) flags = 0011 (0101 expected)
Error: inputs d805 * 7a09 + 3cff
  result = 9611 (fc00 expected) flags = 0001 (0101 expected)
Error: inputs 747b * 6881 + f708
  result = f707 (7bff expected) flags = 0001 (0101 expected)
Error: inputs 325f * 6b90 + 1607
  result = 6206 (6205 expected) flags = 0000 (0001 expected)
Error: inputs 7b86 * bffa + 1cfc
  result = fc00 (fbff expected) flags = 0101 (0101 expected)
Error: inputs 6a7f * 7bff + 7405
  result = 7405 (7bff expected) flags = 0001 (0101 expected)
Error: inputs 7a10 * 47d2 + ac4e
  result = ac4c (7bff expected) flags = 0001 (0101 expected)
Error: inputs 7bff * bc01 + 07fe
  result = fc00 (fbff expected) flags = 0101 (0101 expected)
Error: inputs 9000 * 8e7c + 0baf
  result = 0baf (0bb0 expected) flags = 0001 (0001 expected)
Error: inputs bffe * 7bff + d3df
  result = fc00 (fbff expected) flags = 0101 (0101 expected)
Error: inputs f800 * 47ff + 40fe
  result = 40fd (fbff expected) flags = 0001 (0101 expected)
Error: inputs f801 * e3fe + c401
  result = c3fe (7bff expected) flags = 0001 (0101 expected)
Error: inputs fbfe * fbff + 47fe
  result = 487e (7bff expected) flags = 0001 (0101 expected)
Error: inputs c821 * efff + b477
  result = 7c00 (7bff expected) flags = 0101 (0101 expected)
Error: inputs 3bff * b401 + 23fe
  result = b381 (b382 expected) flags = 0000 (0001 expected)
Error: inputs 4903 * d4fe + bbf5
  result = e243 (e244 expected) flags = 0000 (0001 expected)
Error: inputs 4401 * 2bfa + b423
  result = a0a4 (a0a1 expected) flags = 0000 (0001 expected)
Error: inputs f420 * c7ff + b8f7
  result = b8f7 (7bff expected) flags = 0001 (0101 expected)
Error: inputs fa01 * 43ff + ea16
  result = ea17 (fc00 expected) flags = 0001 (0101 expected)
Error: inputs 2bf9 * 47ff + b7ff
  result = 96e0 (9700 expected) flags = 0000 (0001 expected)
Error: inputs 79fa * c3ff + c7ff
  result = c800 (fc00 expected) flags = 0001 (0101 expected)
Error: inputs 424c * cc7a + 0bdb
  result = d30c (d30d expected) flags = 0000 (0001 expected)
Error: inputs d88e * 93fe + 87ff
  result = 308c (308b expected) flags = 0000 (0001 expected)
Error: inputs f800 * 47ff + b801
  result = b802 (fc00 expected) flags = 0001 (0101 expected)
Error: inputs f801 * bdfc + 740c
  result = 7c00 (7bff expected) flags = 0101 (0101 expected)
Error: inputs fbfe * f8fa + 47fe
  result = 484e (7bff expected) flags = 0001 (0101 expected)
Error: inputs 786e * d80f + 91b8
  result = 975a (fbff expected) flags = 0001 (0101 expected)
Error: inputs d33f * f800 + 52ff
  result = 5300 (7c00 expected) flags = 0001 (0101 expected)
Error: inputs 37ff * 3402 + 93ff
  result = 2ff3 (2ff4 expected) flags = 0000 (0001 expected)
Error: inputs eade * ed3b + 6000
  result = 6001 (7c00 expected) flags = 0001 (0101 expected)
Error: inputs 545a * 6800 + bdef
  result = bdee (7c00 expected) flags = 0001 (0101 expected)
Error: inputs 4a3a * 7800 + 6801
  result = 6802 (7c00 expected) flags = 0001 (0101 expected)
Error: inputs 7801 * 4bf2 + 4c8e
  result = 4c8f (7c00 expected) flags = 0001 (0101 expected)
Error: inputs f801 * 4400 + bc01
  result = bc01 (fbff expected) flags = 0001 (0101 expected)
Error: inputs 77df * c900 + b800
  result = b800 (fbff expected) flags = 0001 (0101 expected)
Error: inputs 7694 * c44f + 8be2
  result = fc00 (fbff expected) flags = 0101 (0101 expected)
Error: inputs 2fe3 * fbff + 2c92
  result = efe2 (efe1 expected) flags = 0000 (0001 expected)
Error: inputs f4ef * 37fe + 43fe
  result = f0ee (f0ed expected) flags = 0001 (0001 expected)
Error: inputs e9de * f5fc + 3259
  result = 32e5 (7c00 expected) flags = 0001 (0101 expected)
Error: inputs 6801 * bbfe + 37ff
  result = e800 (e7ff expected) flags = 0001 (0001 expected)
Error: inputs 7b80 * e800 + 9002
  result = a7a0 (fc00 expected) flags = 0001 (0101 expected)
Error: inputs 7801 * 07ce + c400
  result = ae08 (ae02 expected) flags = 0000 (0001 expected)
Error: inputs f703 * f800 + 6bfe
  result = 6bfe (7c00 expected) flags = 0001 (0101 expected)
Error: inputs d417 * 557e + 37ff
  result = ed9e (ed9d expected) flags = 0001 (0001 expected)
Error: inputs c83c * f803 + 47ff
  result = 47ff (7c00 expected) flags = 0001 (0101 expected)
Error: inputs c001 * b779 + bc00
  result = ac2a (ac29 expected) flags = 0000 (0001 expected)
Error: inputs c001 * c386 + c882
  result = bdf1 (bdf0 expected) flags = 0000 (0001 expected)
Error: inputs b293 * bc01 + 13fe
  result = 329c (329d expected) flags = 0001 (0001 expected)
Error: inputs ebff * f800 + 7bff
  result = 7bff (7c00 expected) flags = 0001 (0101 expected)
Error: inputs fa1b * 7817 + bbff
  result = bd8f (fc00 expected) flags = 0001 (0101 expected)
Error: inputs fbff * c7f7 + 1000
  result = 10ff (7c00 expected) flags = 0001 (0101 expected)
Error: inputs e7f6 * f437 + 4dfc
  result = 4dfd (7c00 expected) flags = 0001 (0101 expected)
      3624 tests completed with        189 errors
